OCAD File Header
  OCADMark=0xCAD  SectionMark=0x0
  Version=9
  Reserved2=0x0 Reserved3=0x0 Reserved4=0x0

Symbol definition for '890.0'
 White out': 
  Size=604, Otp=3, SymTp=0, Flags=0
    Status=0, Tool=0
  CsMode=0, CsObjType=0, CsCdFlags=0
  ColorsUsed=44 
  Icon=
    7C 7C 7C 7C 7C 7C 7C 7C 7C 7C 7C 7C 7C 7C 7C 7C 7C 7C 7C 7C 7C 7C 
    7C 7C 7C 7C 7C 7C 7C 7C 7C 7C 7C 7C 7C 7C 7C 7C 7C 7C 7C 7C 7C 7C 
    7C 7C 7C 7C 7C 7C 7C 7C 7C 7C 7C 7C 7C 7C 7C 7C 7C 7C 7C 7C 7C 7C 
    7C 7C 7C 7C 7C 7C 7C 7C 7C 7C 7C 7C 7C 7C 7C 7C 7C 7C 7C 7C 7C 7C 
    7C 7C 7C 7C 7C 7C 7C 7C 7C 7C 7C 7C 7C 7C 7C 7C 7C 7C 7C 7C 7C 7C 
    7C 7C 7C 7C 7C 7C 7C 7C 7C 7C 7C 7C 7C 7C 7C 7C 7C 7C 7C 7C 7C 7C 
    7C 7C  0  0  0  0  0  0  0  0  0  0  0  0  0  0  0  0  0  0 7C 7C 
    7C 7C  0 7C 7C 7C 7C 7C 7C 7C 7C 7C 7C 7C 7C 7C 7C 7C 7C  0 7C 7C 
    7C 7C  0 7C 7C 7C 7C 7C 7C 7C 7C 7C 7C 7C 7C 7C 7C 7C 7C  0 7C 7C 
    7C 7C  0 7C 7C 7C 7C 7C 7C 7C 7C 7C 7C 7C 7C 7C 7C 7C 7C  0 7C 7C 
    7C 7C  0 7C 7C 7C 7C 7C 7C 7C 7C 7C 7C 7C 7C 7C 7C 7C 7C  0 7C 7C 
    7C 7C  0 7C 7C 7C 7C 7C 7C 7C 7C 7C 7C 7C 7C 7C 7C 7C 7C  0 7C 7C 
    7C 7C  0 7C 7C 7C 7C 7C 7C 7C 7C 7C 7C 7C 7C 7C 7C 7C 7C  0 7C 7C 
    7C 7C  0 7C 7C 7C 7C 7C 7C 7C 7C 7C 7C 7C 7C 7C 7C 7C 7C  0 7C 7C 
    7C 7C  0 7C 7C 7C 7C 7C 7C 7C 7C 7C 7C 7C 7C 7C 7C 7C 7C  0 7C 7C 
    7C 7C  0 7C 7C 7C 7C 7C 7C 7C 7C 7C 7C 7C 7C 7C 7C 7C 7C  0 7C 7C 
    7C 7C  0  0  0  0  0  0  0  0  0  0  0  0  0  0  0  0  0  0 7C 7C 
    7C 7C 7C 7C 7C 7C 7C 7C 7C 7C 7C 7C 7C 7C 7C 7C 7C 7C 7C 7C 7C 7C 
    7C 7C 7C 7C 7C 7C 7C 7C 7C 7C 7C 7C 7C 7C 7C 7C 7C 7C 7C 7C 7C 7C 
    7C 7C 7C 7C 7C 7C 7C 7C 7C 7C 7C 7C 7C 7C 7C 7C 7C 7C 7C 7C 7C 7C 
    7C 7C 7C 7C 7C 7C 7C 7C 7C 7C 7C 7C 7C 7C 7C 7C 7C 7C 7C 7C 7C 7C 
    7C 7C 7C 7C 7C 7C 7C 7C 7C 7C 7C 7C 7C 7C 7C 7C 7C 7C 7C 7C 7C 7C 
  Flags=0, FillOn=True, FillColor=44
  HatchMode=0
  HatchAngle1=0, HatchAngle2=0, HatchRes=0
  StructMode=0, StructWidth=0, StructHeight=0, StructAngle=0

Symbol definition for '701.0'
 Start': 
  Size=624, Otp=1, SymTp=0, Flags=1
    Status=0, Tool=0
  CsMode=0, CsObjType=0, CsCdFlags=0
  ColorsUsed=11 
  Icon=
    7C 7C 7C 7C 7C 7C 7C 7C 7C 7C 7C 7C 7C 7C 7C 7C 7C 7C 7C 7C 7C 7C 
    7C 7C 7C 7C 7C 7C 7C 7C 7C 7C 7C 7C 7C 7C 7C 7C 7C 7C 7C 7C 7C 7C 
    7C 7C 7C 7C 7C 7C 7C 7C 7C 7C 7C 7C 7C 7C 7C 7C 7C 7C 7C 7C 7C 7C 
    7C 7C 7C 7C 7C 7C 7C 7C 7C 7C 7C 7C 7C 7C 7C 7C 7C 7C 7C 7C 7C 7C 
    7C 7C 7C 77 77 77 77 77 77 77 77 77 77 77 77 77 77 77 77 7C 7C 7C 
    7C 7C 7C 77 68 68 68 68 68 68 68 68 68 68 68 68 68 68 77 7C 7C 7C 
    7C 7C 7C 7C 72 68 68 6D 6D 6D 6D 6D 6D 6D 6D 68 68 72 7C 7C 7C 7C 
    7C 7C 7C 7C 7C 68 68 77 7C 7C 7C 7C 7C 7C 77 68 68 7C 7C 7C 7C 7C 
    7C 7C 7C 7C 7C 72 68 6D 7C 7C 7C 7C 7C 7C 68 68 77 7C 7C 7C 7C 7C 
    7C 7C 7C 7C 7C 7C 6D 68 72 7C 7C 7C 7C 72 68 6D 7C 7C 7C 7C 7C 7C 
    7C 7C 7C 7C 7C 7C 77 68 68 7C 7C 7C 77 68 68 77 7C 7C 7C 7C 7C 7C 
    7C 7C 7C 7C 7C 7C 7C 6D 68 72 7C 7C 6D 68 6D 7C 7C 7C 7C 7C 7C 7C 
    7C 7C 7C 7C 7C 7C 7C 77 68 68 77 77 68 68 7C 7C 7C 7C 7C 7C 7C 7C 
    7C 7C 7C 7C 7C 7C 7C 7C 72 68 6D 6D 68 72 7C 7C 7C 7C 7C 7C 7C 7C 
    7C 7C 7C 7C 7C 7C 7C 7C 7C 68 68 68 68 7C 7C 7C 7C 7C 7C 7C 7C 7C 
    7C 7C 7C 7C 7C 7C 7C 7C 7C 72 68 68 77 7C 7C 7C 7C 7C 7C 7C 7C 7C 
    7C 7C 7C 7C 7C 7C 7C 7C 7C 7C 6D 6D 7C 7C 7C 7C 7C 7C 7C 7C 7C 7C 
    7C 7C 7C 7C 7C 7C 7C 7C 7C 7C 77 77 7C 7C 7C 7C 7C 7C 7C 7C 7C 7C 
    7C 7C 7C 7C 7C 7C 7C 7C 7C 7C 7C 7C 7C 7C 7C 7C 7C 7C 7C 7C 7C 7C 
    7C 7C 7C 7C 7C 7C 7C 7C 7C 7C 7C 7C 7C 7C 7C 7C 7C 7C 7C 7C 7C 7C 
    7C 7C 7C 7C 7C 7C 7C 7C 7C 7C 7C 7C 7C 7C 7C 7C 7C 7C 7C 7C 7C 7C 
    7C 7C 7C 7C 7C 7C 7C 7C 7C 7C 7C 7C 7C 7C 7C 7C 7C 7C 7C 7C 7C 7C 
  DataSize=6
  Reserved=0
  SymbolElement of type 1 -- line
    stFlags=4  stColor=11  stLineWidth=35  
    (0.00,4.04) (3.50,-2.02) (-3.50,-2.02) (0.00,4.04) 

Symbol definition for '702.0'
 Control point': 
  Size=600, Otp=1, SymTp=0, Flags=0
    Status=0, Tool=0
  CsMode=0, CsObjType=0, CsCdFlags=0
  ColorsUsed=11 
  Icon=
    7C 7C 7C 7C 7C 7C 7C 7C 7C 7C 7C 7C 7C 7C 7C 7C 7C 7C 7C 7C 7C 7C 
    7C 7C 7C 7C 7C 7C 7C 7C 7C 7C 7C 7C 7C 7C 7C 7C 7C 7C 7C 7C 7C 7C 
    7C 7C 7C 7C 7C 7C 7C 7C 7C 7C 7C 7C 7C 7C 7C 7C 7C 7C 7C 7C 7C 7C 
    7C 7C 7C 7C 7C 7C 7C 7C 7C 7C 7C 7C 7C 7C 7C 7C 7C 7C 7C 7C 7C 7C 
    7C 7C 7C 7C 7C 7C 7C 77 72 68 68 68 68 72 77 7C 7C 7C 7C 7C 7C 7C 
    7C 7C 7C 7C 7C 7C 72 68 68 68 68 68 68 68 68 72 7C 7C 7C 7C 7C 7C 
    7C 7C 7C 7C 7C 72 68 68 6D 77 7C 7C 77 6D 68 68 72 7C 7C 7C 7C 7C 
    7C 7C 7C 7C 77 68 68 72 7C 7C 7C 7C 7C 7C 72 68 68 77 7C 7C 7C 7C 
    7C 7C 7C 7C 6D 68 6D 7C 7C 7C 7C 7C 7C 7C 7C 6D 68 72 7C 7C 7C 7C 
    7C 7C 7C 7C 68 68 77 7C 7C 7C 7C 7C 7C 7C 7C 77 68 68 7C 7C 7C 7C 
    7C 7C 7C 7C 68 68 7C 7C 7C 7C 7C 7C 7C 7C 7C 7C 68 68 7C 7C 7C 7C 
    7C 7C 7C 77 68 68 7C 7C 7C 7C 7C 7C 7C 7C 7C 7C 68 68 7C 7C 7C 7C 
    7C 7C 7C 7C 68 68 77 7C 7C 7C 7C 7C 7C 7C 7C 77 68 68 7C 7C 7C 7C 
    7C 7C 7C 7C 6D 68 72 7C 7C 7C 7C 7C 7C 7C 7C 6D 68 72 7C 7C 7C 7C 
    7C 7C 7C 7C 77 68 68 77 7C 7C 7C 7C 7C 7C 72 68 68 77 7C 7C 7C 7C 
    7C 7C 7C 7C 7C 72 68 68 72 77 7C 7C 77 6D 68 68 72 7C 7C 7C 7C 7C 
    7C 7C 7C 7C 7C 7C 72 68 68 68 68 68 68 68 68 72 7C 7C 7C 7C 7C 7C 
    7C 7C 7C 7C 7C 7C 7C 77 6D 68 68 68 68 6D 77 7C 7C 7C 7C 7C 7C 7C 
    7C 7C 7C 7C 7C 7C 7C 7C 7C 7C 7C 7C 7C 7C 7C 7C 7C 7C 7C 7C 7C 7C 
    7C 7C 7C 7C 7C 7C 7C 7C 7C 7C 7C 7C 7C 7C 7C 7C 7C 7C 7C 7C 7C 7C 
    7C 7C 7C 7C 7C 7C 7C 7C 7C 7C 7C 7C 7C 7C 7C 7C 7C 7C 7C 7C 7C 7C 
    7C 7C 7C 7C 7C 7C 7C 7C 7C 7C 7C 7C 7C 7C 7C 7C 7C 7C 7C 7C 7C 7C 
  DataSize=3
  Reserved=0
  SymbolElement of type 3 -- circle
    stColor=11  stLineWidth=35  stDiameter=565
    (0.00,0.00) 

Symbol definition for '706.0'
 Finish': 
  Size=624, Otp=1, SymTp=0, Flags=0
    Status=0, Tool=0
  CsMode=0, CsObjType=0, CsCdFlags=0
  ColorsUsed=11 
  Icon=
    7C 7C 7C 7C 7C 7C 7C 7C 7C 7C 7C 7C 7C 7C 7C 7C 7C 7C 7C 7C 7C 7C 
    7C 7C 7C 7C 7C 7C 7C 7C 7C 7C 7C 7C 7C 7C 7C 7C 7C 7C 7C 7C 7C 7C 
    7C 7C 7C 7C 7C 7C 7C 7C 7C 7C 7C 7C 7C 7C 7C 7C 7C 7C 7C 7C 7C 7C 
    7C 7C 7C 7C 7C 7C 7C 7C 7C 77 72 72 77 7C 7C 7C 7C 7C 7C 7C 7C 7C 
    7C 7C 7C 7C 7C 7C 7C 72 68 68 68 68 68 68 72 7C 7C 7C 7C 7C 7C 7C 
    7C 7C 7C 7C 7C 77 6D 68 68 72 77 77 72 68 68 6D 7C 7C 7C 7C 7C 7C 
    7C 7C 7C 7C 7C 68 68 72 7C 7C 7C 77 7C 7C 72 68 6D 7C 7C 7C 7C 7C 
    7C 7C 7C 7C 6D 68 72 7C 77 6D 68 68 6D 77 7C 72 68 72 7C 7C 7C 7C 
    7C 7C 7C 7C 68 6D 7C 77 68 68 6D 6D 68 68 77 7C 68 68 7C 7C 7C 7C 
    7C 7C 7C 77 68 72 7C 6D 68 72 7C 7C 77 68 6D 7C 72 68 77 7C 7C 7C 
    7C 7C 7C 72 68 77 7C 68 6D 7C 7C 7C 7C 6D 68 77 77 68 72 7C 7C 7C 
    7C 7C 7C 72 68 77 7C 68 68 7C 7C 7C 7C 6D 68 77 77 68 72 7C 7C 7C 
    7C 7C 7C 77 68 72 7C 72 68 72 7C 7C 72 68 6D 7C 72 68 77 7C 7C 7C 
    7C 7C 7C 77 68 6D 7C 7C 6D 68 68 6D 68 68 77 7C 68 68 7C 7C 7C 7C 
    7C 7C 7C 7C 6D 68 72 7C 7C 72 68 68 6D 77 7C 72 68 72 7C 7C 7C 7C 
    7C 7C 7C 7C 7C 68 68 72 7C 7C 7C 7C 7C 7C 72 68 6D 7C 7C 7C 7C 7C 
    7C 7C 7C 7C 7C 77 68 68 6D 72 77 77 72 6D 68 68 77 7C 7C 7C 7C 7C 
    7C 7C 7C 7C 7C 7C 7C 6D 68 68 68 68 68 68 6D 7C 7C 7C 7C 7C 7C 7C 
    7C 7C 7C 7C 7C 7C 7C 7C 77 77 72 72 77 7C 7C 7C 7C 7C 7C 7C 7C 7C 
    7C 7C 7C 7C 7C 7C 7C 7C 7C 7C 7C 7C 7C 7C 7C 7C 7C 7C 7C 7C 7C 7C 
    7C 7C 7C 7C 7C 7C 7C 7C 7C 7C 7C 7C 7C 7C 7C 7C 7C 7C 7C 7C 7C 7C 
    7C 7C 7C 7C 7C 7C 7C 7C 7C 7C 7C 7C 7C 7C 7C 7C 7C 7C 7C 7C 7C 7C 
  DataSize=6
  Reserved=0
  SymbolElement of type 3 -- circle
    stColor=11  stLineWidth=35  stDiameter=465
    (0.00,0.00) 
  SymbolElement of type 3 -- circle
    stColor=11  stLineWidth=35  stDiameter=665
    (0.00,0.00) 

Symbol definition for '720.0'
 Control code': 
  Size=812, Otp=4, SymTp=0, Flags=0
    Status=0, Tool=0
  CsMode=0, CsObjType=0, CsCdFlags=0
  ColorsUsed=11 
  Icon=
    7C 7C 7C 7C 7C 7C 7C 7C 7C 7C 7C 7C 7C 7C 7C 7C 7C 7C 7C 7C 7C 7C 
    7C 7C 7C 7C 7C 7C 7C 7C 7C 7C 7C 7C 7C 7C 7C 7C 7C 7C 7C 7C 7C 7C 
    7C 7C 7C 7C 7C 7C 7C 7C 7C 7C 7C 7C 7C 7C 7C 7C 7C 7C 7C 7C 7C 7C 
    7C 7C 7C 7C 7C 7C 7C 7C 77 6D 68 68 68 72 77 7C 7C 7C 7C 7C 7C 7C 
    7C 7C 7C 7C 7C 7C 7C 77 68 68 68 68 68 68 68 77 7C 7C 7C 7C 7C 7C 
    7C 7C 7C 7C 7C 7C 7C 68 68 68 68 68 68 68 68 68 7C 7C 7C 7C 7C 7C 
    7C 7C 7C 7C 7C 7C 72 68 68 68 77 7C 77 68 68 68 72 7C 7C 7C 7C 7C 
    7C 7C 7C 7C 7C 7C 6D 68 68 72 7C 7C 7C 77 68 68 6D 7C 7C 7C 7C 7C 
    7C 7C 7C 7C 7C 7C 6D 6D 68 7C 7C 7C 7C 7C 68 68 68 7C 7C 7C 7C 7C 
    7C 7C 7C 7C 7C 7C 7C 7C 7C 7C 7C 7C 7C 7C 68 68 68 7C 7C 7C 7C 7C 
    7C 7C 7C 7C 7C 7C 7C 7C 7C 7C 7C 7C 7C 77 68 68 68 7C 7C 7C 7C 7C 
    7C 7C 7C 7C 7C 7C 6D 6D 68 72 7C 7C 77 6D 68 68 6D 7C 7C 7C 7C 7C 
    7C 7C 7C 7C 7C 7C 6D 68 68 68 68 68 68 68 68 68 77 7C 7C 7C 7C 7C 
    7C 7C 7C 7C 7C 7C 72 68 68 68 68 68 68 68 68 72 7C 7C 7C 7C 7C 7C 
    7C 7C 7C 7C 7C 7C 77 68 68 68 6D 68 68 6D 77 7C 7C 7C 7C 7C 7C 7C 
    7C 7C 7C 7C 7C 7C 7C 68 68 68 7C 7C 7C 7C 7C 7C 7C 7C 7C 7C 7C 7C 
    7C 7C 7C 7C 7C 7C 7C 6D 68 68 77 7C 7C 7C 7C 7C 7C 7C 7C 7C 7C 7C 
    7C 7C 7C 7C 7C 7C 7C 72 68 68 68 68 68 68 68 68 7C 7C 7C 7C 7C 7C 
    7C 7C 7C 7C 7C 7C 7C 77 68 68 68 68 68 68 68 68 7C 7C 7C 7C 7C 7C 
    7C 7C 7C 7C 7C 7C 7C 7C 68 68 68 68 68 68 68 68 7C 7C 7C 7C 7C 7C 
    7C 7C 7C 7C 7C 7C 7C 7C 7C 7C 7C 7C 7C 7C 7C 7C 7C 7C 7C 7C 7C 7C 
    7C 7C 7C 7C 7C 7C 7C 7C 7C 7C 7C 7C 7C 7C 7C 7C 7C 7C 7C 7C 7C 7C 
  FontName=Arial Narrow, FontColor=11, FontSize=118
  Weight=700, Italic=False, CharSpace=0, WordSpace=100
  Alignment=0, LineSpace=100, ParaSpace=0
  IndentFirst=0, IndentOther=0
  nTabs=0: 
  LBOn=False, LBColor=0, LBWidth=0, LBDist=0
  FrMode=0, FrName=, FrColor=0, FrSize=0
  FrWeight=400, FrItalic=False, FrOfX=0, FrOfY=0

Index entry Sym=70100.0
  ObjType=1  Rex=0  Status=1
  ViewType=0  Color=11  ImpLayer=0
Object Sym=70100 Otp=1
  nItem=1, nText=0
  Ang=0
  Col=0 (0x0)
  LineWidth=0  DiamFlags=0
    (56.80,-8.70) 

Index entry Sym=70200.0
  ObjType=1  Rex=0  Status=1
  ViewType=0  Color=11  ImpLayer=0
Object Sym=70200 Otp=1
  nItem=1, nText=0
  Ang=0
  Col=0 (0x0)
  LineWidth=0  DiamFlags=0
    (115.60,-11.80) 

Index entry Sym=70200.0
  ObjType=1  Rex=0  Status=1
  ViewType=0  Color=11  ImpLayer=0
Object Sym=70200 Otp=1
  nItem=1, nText=0
  Ang=0
  Col=0 (0x0)
  LineWidth=0  DiamFlags=0
    (128.40,6.10) 

Index entry Sym=70200.0
  ObjType=1  Rex=0  Status=1
  ViewType=0  Color=11  ImpLayer=0
Object Sym=70200 Otp=1
  nItem=1, nText=0
  Ang=0
  Col=0 (0x0)
  LineWidth=0  DiamFlags=0
    (121.80,-23.00) 

Index entry Sym=70200.0
  ObjType=1  Rex=0  Status=1
  ViewType=0  Color=11  ImpLayer=0
Object Sym=70200 Otp=1
  nItem=1, nText=0
  Ang=0
  Col=0 (0x0)
  LineWidth=0  DiamFlags=0
    (50.30,2.90) 

Index entry Sym=70200.0
  ObjType=1  Rex=0  Status=1
  ViewType=0  Color=11  ImpLayer=0
Object Sym=70200 Otp=1
  nItem=1, nText=0
  Ang=0
  Col=0 (0x0)
  LineWidth=0  DiamFlags=0
    (129.20,37.70) 

Index entry Sym=70200.0
  ObjType=1  Rex=0  Status=1
  ViewType=0  Color=11  ImpLayer=0
Object Sym=70200 Otp=1
  nItem=1, nText=0
  Ang=0
  Col=0 (0x0)
  LineWidth=0  DiamFlags=0
    (124.20,29.50) 

Index entry Sym=70200.0
  ObjType=1  Rex=0  Status=1
  ViewType=0  Color=11  ImpLayer=0
Object Sym=70200 Otp=1
  nItem=1, nText=0
  Ang=0
  Col=0 (0x0)
  LineWidth=0  DiamFlags=0
    (28.00,6.20) 

Index entry Sym=70200.0
  ObjType=1  Rex=0  Status=1
  ViewType=0  Color=11  ImpLayer=0
Object Sym=70200 Otp=1
  nItem=1, nText=0
  Ang=0
  Col=0 (0x0)
  LineWidth=0  DiamFlags=0
    (38.40,-14.00) 

Index entry Sym=70200.0
  ObjType=1  Rex=0  Status=1
  ViewType=0  Color=11  ImpLayer=0
Object Sym=70200 Otp=1
  nItem=1, nText=0
  Ang=0
  Col=0 (0x0)
  LineWidth=0  DiamFlags=0
    (84.00,34.50) 

Index entry Sym=70200.0
  ObjType=1  Rex=0  Status=1
  ViewType=0  Color=11  ImpLayer=0
Object Sym=70200 Otp=1
  nItem=1, nText=0
  Ang=0
  Col=0 (0x0)
  LineWidth=0  DiamFlags=0
    (37.60,-22.80) 

Index entry Sym=70200.0
  ObjType=1  Rex=0  Status=1
  ViewType=0  Color=11  ImpLayer=0
Object Sym=70200 Otp=1
  nItem=1, nText=0
  Ang=0
  Col=0 (0x0)
  LineWidth=0  DiamFlags=0
    (55.90,25.60) 

Index entry Sym=70200.0
  ObjType=1  Rex=0  Status=1
  ViewType=0  Color=11  ImpLayer=0
Object Sym=70200 Otp=1
  nItem=1, nText=0
  Ang=0
  Col=0 (0x0)
  LineWidth=0  DiamFlags=0
    (-9.20,8.30) 

Index entry Sym=70200.0
  ObjType=1  Rex=0  Status=1
  ViewType=0  Color=11  ImpLayer=0
Object Sym=70200 Otp=1
  nItem=1, nText=0
  Ang=0
  Col=0 (0x0)
  LineWidth=0  DiamFlags=0
    (2.51,31.32) 

Index entry Sym=70200.0
  ObjType=1  Rex=0  Status=1
  ViewType=0  Color=11  ImpLayer=0
Object Sym=70200 Otp=1
  nItem=1, nText=0
  Ang=0
  Col=0 (0x0)
  LineWidth=0  DiamFlags=0
    (21.50,40.20) 

Index entry Sym=70200.0
  ObjType=1  Rex=0  Status=1
  ViewType=0  Color=11  ImpLayer=0
Object Sym=70200 Otp=1
  nItem=1, nText=0
  Ang=0
  Col=0 (0x0)
  LineWidth=0  DiamFlags=0
    (22.00,-20.80) 

Index entry Sym=70200.0
  ObjType=1  Rex=0  Status=1
  ViewType=0  Color=11  ImpLayer=0
Object Sym=70200 Otp=1
  nItem=1, nText=0
  Ang=0
  Col=0 (0x0)
  LineWidth=0  DiamFlags=0
    (45.20,22.80) 

Index entry Sym=70200.0
  ObjType=1  Rex=0  Status=1
  ViewType=0  Color=11  ImpLayer=0
Object Sym=70200 Otp=1
  nItem=1, nText=0
  Ang=0
  Col=0 (0x0)
  LineWidth=0  DiamFlags=0
    (16.40,-11.90) 

Index entry Sym=70200.0
  ObjType=1  Rex=0  Status=1
  ViewType=0  Color=11  ImpLayer=0
Object Sym=70200 Otp=1
  nItem=1, nText=0
  Ang=0
  Col=0 (0x0)
  LineWidth=0  DiamFlags=0
    (43.00,-11.10) 

Index entry Sym=70200.0
  ObjType=1  Rex=0  Status=1
  ViewType=0  Color=11  ImpLayer=0
Object Sym=70200 Otp=1
  nItem=1, nText=0
  Ang=0
  Col=0 (0x0)
  LineWidth=0  DiamFlags=0
    (25.80,-10.50) 

Index entry Sym=70200.0
  ObjType=1  Rex=0  Status=1
  ViewType=0  Color=11  ImpLayer=0
Object Sym=70200 Otp=1
  nItem=1, nText=0
  Ang=0
  Col=0 (0x0)
  LineWidth=0  DiamFlags=0
    (53.70,8.20) 

Index entry Sym=70200.0
  ObjType=1  Rex=0  Status=1
  ViewType=0  Color=11  ImpLayer=0
Object Sym=70200 Otp=1
  nItem=1, nText=0
  Ang=0
  Col=0 (0x0)
  LineWidth=0  DiamFlags=0
    (51.20,10.50) 

Index entry Sym=70200.0
  ObjType=1  Rex=0  Status=1
  ViewType=0  Color=11  ImpLayer=0
Object Sym=70200 Otp=1
  nItem=1, nText=0
  Ang=0
  Col=0 (0x0)
  LineWidth=0  DiamFlags=0
    (81.30,24.00) 

Index entry Sym=70200.0
  ObjType=1  Rex=0  Status=1
  ViewType=0  Color=11  ImpLayer=0
Object Sym=70200 Otp=1
  nItem=1, nText=0
  Ang=0
  Col=0 (0x0)
  LineWidth=0  DiamFlags=0
    (90.00,19.30) 

Index entry Sym=70200.0
  ObjType=1  Rex=0  Status=1
  ViewType=0  Color=11  ImpLayer=0
Object Sym=70200 Otp=1
  nItem=1, nText=0
  Ang=0
  Col=0 (0x0)
  LineWidth=0  DiamFlags=0
    (20.30,-4.00) 

Index entry Sym=70200.0
  ObjType=1  Rex=0  Status=1
  ViewType=0  Color=11  ImpLayer=0
Object Sym=70200 Otp=1
  nItem=1, nText=0
  Ang=0
  Col=0 (0x0)
  LineWidth=0  DiamFlags=0
    (51.20,-27.00) 

Index entry Sym=70200.0
  ObjType=1  Rex=0  Status=1
  ViewType=0  Color=11  ImpLayer=0
Object Sym=70200 Otp=1
  nItem=1, nText=0
  Ang=0
  Col=0 (0x0)
  LineWidth=0  DiamFlags=0
    (21.30,11.80) 

Index entry Sym=70200.0
  ObjType=1  Rex=0  Status=1
  ViewType=0  Color=11  ImpLayer=0
Object Sym=70200 Otp=1
  nItem=1, nText=0
  Ang=0
  Col=0 (0x0)
  LineWidth=0  DiamFlags=0
    (40.10,17.40) 

Index entry Sym=70200.0
  ObjType=1  Rex=0  Status=1
  ViewType=0  Color=11  ImpLayer=0
Object Sym=70200 Otp=1
  nItem=1, nText=0
  Ang=0
  Col=0 (0x0)
  LineWidth=0  DiamFlags=0
    (-0.70,10.30) 

Index entry Sym=70200.0
  ObjType=1  Rex=0  Status=1
  ViewType=0  Color=11  ImpLayer=0
Object Sym=70200 Otp=1
  nItem=1, nText=0
  Ang=0
  Col=0 (0x0)
  LineWidth=0  DiamFlags=0
    (57.40,-13.80) 

Index entry Sym=70200.0
  ObjType=1  Rex=0  Status=1
  ViewType=0  Color=11  ImpLayer=0
Object Sym=70200 Otp=1
  nItem=1, nText=0
  Ang=0
  Col=0 (0x0)
  LineWidth=0  DiamFlags=0
    (61.20,-18.80) 

Index entry Sym=70200.0
  ObjType=1  Rex=0  Status=1
  ViewType=0  Color=11  ImpLayer=0
Object Sym=70200 Otp=1
  nItem=1, nText=0
  Ang=0
  Col=0 (0x0)
  LineWidth=0  DiamFlags=0
    (72.00,27.00) 

Index entry Sym=70200.0
  ObjType=1  Rex=0  Status=1
  ViewType=0  Color=11  ImpLayer=0
Object Sym=70200 Otp=1
  nItem=1, nText=0
  Ang=0
  Col=0 (0x0)
  LineWidth=0  DiamFlags=0
    (5.60,-5.70) 

Index entry Sym=70200.0
  ObjType=1  Rex=0  Status=1
  ViewType=0  Color=11  ImpLayer=0
Object Sym=70200 Otp=1
  nItem=1, nText=0
  Ang=0
  Col=0 (0x0)
  LineWidth=0  DiamFlags=0
    (74.70,19.20) 

Index entry Sym=70200.0
  ObjType=1  Rex=0  Status=1
  ViewType=0  Color=11  ImpLayer=0
Object Sym=70200 Otp=1
  nItem=1, nText=0
  Ang=0
  Col=0 (0x0)
  LineWidth=0  DiamFlags=0
    (93.90,28.10) 

Index entry Sym=70200.0
  ObjType=1  Rex=0  Status=1
  ViewType=0  Color=11  ImpLayer=0
Object Sym=70200 Otp=1
  nItem=1, nText=0
  Ang=0
  Col=0 (0x0)
  LineWidth=0  DiamFlags=0
    (119.80,8.60) 

Index entry Sym=70200.0
  ObjType=1  Rex=0  Status=1
  ViewType=0  Color=11  ImpLayer=0
Object Sym=70200 Otp=1
  nItem=1, nText=0
  Ang=0
  Col=0 (0x0)
  LineWidth=0  DiamFlags=0
    (41.90,6.80) 

Index entry Sym=70600.0
  ObjType=1  Rex=0  Status=1
  ViewType=0  Color=11  ImpLayer=0
Object Sym=70600 Otp=1
  nItem=1, nText=0
  Ang=0
  Col=0 (0x0)
  LineWidth=0  DiamFlags=0
    (53.20,-2.80) 

Index entry Sym=72000.0
  ObjType=4  Rex=0  Status=1
  ViewType=0  Color=11  ImpLayer=0
Object Sym=72000 Otp=4
  nItem=5, nText=1
  Ang=0
  Col=0 (0x0)
  LineWidth=0  DiamFlags=0
  Text=35
    (109.94,-9.03) (109.94,-9.91) (113.76,-9.91) (113.76,-4.85) 
    (109.94,-4.85) 

Index entry Sym=72000.0
  ObjType=4  Rex=0  Status=1
  ViewType=0  Color=11  ImpLayer=0
Object Sym=72000 Otp=4
  nItem=5, nText=1
  Ang=0
  Col=0 (0x0)
  LineWidth=0  DiamFlags=0
  Text=36
    (131.57,2.09) (131.57,1.21) (135.39,1.21) (135.39,6.27) 
    (131.57,6.27) 

Index entry Sym=72000.0
  ObjType=4  Rex=0  Status=1
  ViewType=0  Color=11  ImpLayer=0
Object Sym=72000 Otp=4
  nItem=5, nText=1
  Ang=0
  Col=0 (0x0)
  LineWidth=0  DiamFlags=0
  Text=37
    (123.64,-28.79) (123.64,-29.67) (127.46,-29.67) (127.46,-24.61) 
    (123.64,-24.61) 

Index entry Sym=72000.0
  ObjType=4  Rex=0  Status=1
  ViewType=0  Color=11  ImpLayer=0
Object Sym=72000 Otp=4
  nItem=5, nText=1
  Ang=0
  Col=0 (0x0)
  LineWidth=0  DiamFlags=0
  Text=38
    (43.45,-1.47) (43.45,-2.34) (47.26,-2.34) (47.26,2.71) (43.45,2.71) 

Index entry Sym=72000.0
  ObjType=4  Rex=0  Status=1
  ViewType=0  Color=11  ImpLayer=0
Object Sym=72000 Otp=4
  nItem=5, nText=1
  Ang=0
  Col=0 (0x0)
  LineWidth=0  DiamFlags=0
  Text=39
    (130.72,40.66) (130.72,39.78) (134.53,39.78) (134.53,44.84) 
    (130.72,44.84) 

Index entry Sym=72000.0
  ObjType=4  Rex=0  Status=1
  ViewType=0  Color=11  ImpLayer=0
Object Sym=72000 Otp=4
  nItem=5, nText=1
  Ang=0
  Col=0 (0x0)
  LineWidth=0  DiamFlags=0
  Text=40
    (118.87,23.52) (118.87,22.64) (122.68,22.64) (122.68,27.70) 
    (118.87,27.70) 

Index entry Sym=72000.0
  ObjType=4  Rex=0  Status=1
  ViewType=0  Color=11  ImpLayer=0
Object Sym=72000 Otp=4
  nItem=5, nText=1
  Ang=0
  Col=0 (0x0)
  LineWidth=0  DiamFlags=0
  Text=41
    (28.82,-0.04) (28.82,-0.92) (32.64,-0.92) (32.64,4.14) (28.82,4.14) 

Index entry Sym=72000.0
  ObjType=4  Rex=0  Status=1
  ViewType=0  Color=11  ImpLayer=0
Object Sym=72000 Otp=4
  nItem=5, nText=1
  Ang=0
  Col=0 (0x0)
  LineWidth=0  DiamFlags=0
  Text=42
    (31.26,-16.20) (31.26,-17.08) (35.08,-17.08) (35.08,-12.02) 
    (31.26,-12.02) 

Index entry Sym=72000.0
  ObjType=4  Rex=0  Status=1
  ViewType=0  Color=11  ImpLayer=0
Object Sym=72000 Otp=4
  nItem=5, nText=1
  Ang=0
  Col=0 (0x0)
  LineWidth=0  DiamFlags=0
  Text=43
    (81.46,37.83) (81.46,36.95) (85.27,36.95) (85.27,42.01) 
    (81.46,42.01) 

Index entry Sym=72000.0
  ObjType=4  Rex=0  Status=1
  ViewType=0  Color=11  ImpLayer=0
Object Sym=72000 Otp=4
  nItem=5, nText=1
  Ang=0
  Col=0 (0x0)
  LineWidth=0  DiamFlags=0
  Text=44
    (35.38,-29.14) (35.38,-30.02) (39.19,-30.02) (39.19,-24.96) 
    (35.38,-24.96) 

Index entry Sym=72000.0
  ObjType=4  Rex=0  Status=1
  ViewType=0  Color=11  ImpLayer=0
Object Sym=72000 Otp=4
  nItem=5, nText=1
  Ang=0
  Col=0 (0x0)
  LineWidth=0  DiamFlags=0
  Text=45
    (55.29,28.92) (55.29,28.05) (59.10,28.05) (59.10,33.10) 
    (55.29,33.10) 

Index entry Sym=72000.0
  ObjType=4  Rex=0  Status=1
  ViewType=0  Color=11  ImpLayer=0
Object Sym=72000 Otp=4
  nItem=5, nText=1
  Ang=0
  Col=0 (0x0)
  LineWidth=0  DiamFlags=0
  Text=46
    (-16.05,3.93) (-16.05,3.06) (-12.24,3.06) (-12.24,8.11) 
    (-16.05,8.11) 

Index entry Sym=72000.0
  ObjType=4  Rex=0  Status=1
  ViewType=0  Color=11  ImpLayer=0
Object Sym=72000 Otp=4
  nItem=5, nText=1
  Ang=0
  Col=0 (0x0)
  LineWidth=0  DiamFlags=0
  Text=47
    (5.55,32.67) (5.55,31.79) (9.36,31.79) (9.36,36.85) (5.55,36.85) 

Index entry Sym=72000.0
  ObjType=4  Rex=0  Status=1
  ViewType=0  Color=11  ImpLayer=0
Object Sym=72000 Otp=4
  nItem=5, nText=1
  Ang=0
  Col=0 (0x0)
  LineWidth=0  DiamFlags=0
  Text=48
    (24.54,41.55) (24.54,40.67) (28.35,40.67) (28.35,45.73) 
    (24.54,45.73) 

Index entry Sym=72000.0
  ObjType=4  Rex=0  Status=1
  ViewType=0  Color=11  ImpLayer=0
Object Sym=72000 Otp=4
  nItem=5, nText=1
  Ang=0
  Col=0 (0x0)
  LineWidth=0  DiamFlags=0
  Text=49
    (20.73,-27.14) (20.73,-28.02) (24.54,-28.02) (24.54,-22.96) 
    (20.73,-22.96) 

Index entry Sym=72000.0
  ObjType=4  Rex=0  Status=1
  ViewType=0  Color=11  ImpLayer=0
Object Sym=72000 Otp=4
  nItem=5, nText=1
  Ang=0
  Col=0 (0x0)
  LineWidth=0  DiamFlags=0
  Text=50
    (42.66,26.12) (42.66,25.25) (46.47,25.25) (46.47,30.30) 
    (42.66,30.30) 

Index entry Sym=72000.0
  ObjType=4  Rex=0  Status=1
  ViewType=0  Color=11  ImpLayer=0
Object Sym=72000 Otp=4
  nItem=5, nText=1
  Ang=0
  Col=0 (0x0)
  LineWidth=0  DiamFlags=0
  Text=51
    (10.17,-17.20) (10.17,-18.08) (13.98,-18.08) (13.98,-13.02) 
    (10.17,-13.02) 

Index entry Sym=72000.0
  ObjType=4  Rex=0  Status=1
  ViewType=0  Color=11  ImpLayer=0
Object Sym=72000 Otp=4
  nItem=5, nText=1
  Ang=0
  Col=0 (0x0)
  LineWidth=0  DiamFlags=0
  Text=52
    (45.66,-16.11) (45.66,-16.99) (49.47,-16.99) (49.47,-11.93) 
    (45.66,-11.93) 

Index entry Sym=72000.0
  ObjType=4  Rex=0  Status=1
  ViewType=0  Color=11  ImpLayer=0
Object Sym=72000 Otp=4
  nItem=5, nText=1
  Ang=0
  Col=0 (0x0)
  LineWidth=0  DiamFlags=0
  Text=53
    (28.22,-8.22) (28.22,-9.10) (32.03,-9.10) (32.03,-4.04) 
    (28.22,-4.04) 

Index entry Sym=72000.0
  ObjType=4  Rex=0  Status=1
  ViewType=0  Color=11  ImpLayer=0
Object Sym=72000 Otp=4
  nItem=5, nText=1
  Ang=0
  Col=0 (0x0)
  LineWidth=0  DiamFlags=0
  Text=54
    (56.87,4.19) (56.87,3.31) (60.69,3.31) (60.69,8.37) (56.87,8.37) 

Index entry Sym=72000.0
  ObjType=4  Rex=0  Status=1
  ViewType=0  Color=11  ImpLayer=0
Object Sym=72000 Otp=4
  nItem=5, nText=1
  Ang=0
  Col=0 (0x0)
  LineWidth=0  DiamFlags=0
  Text=55
    (47.65,13.82) (47.65,12.95) (51.47,12.95) (51.47,18.00) 
    (47.65,18.00) 

Index entry Sym=72000.0
  ObjType=4  Rex=0  Status=1
  ViewType=0  Color=11  ImpLayer=0
Object Sym=72000 Otp=4
  nItem=5, nText=1
  Ang=0
  Col=0 (0x0)
  LineWidth=0  DiamFlags=0
  Text=56
    (84.34,25.35) (84.34,24.47) (88.15,24.47) (88.15,29.53) 
    (84.34,29.53) 

Index entry Sym=72000.0
  ObjType=4  Rex=0  Status=1
  ViewType=0  Color=11  ImpLayer=0
Object Sym=72000 Otp=4
  nItem=5, nText=1
  Ang=0
  Col=0 (0x0)
  LineWidth=0  DiamFlags=0
  Text=57
    (89.73,12.96) (89.73,12.08) (93.55,12.08) (93.55,17.14) 
    (89.73,17.14) 

Index entry Sym=72000.0
  ObjType=4  Rex=0  Status=1
  ViewType=0  Color=11  ImpLayer=0
Object Sym=72000 Otp=4
  nItem=5, nText=1
  Ang=0
  Col=0 (0x0)
  LineWidth=0  DiamFlags=0
  Text=58
    (14.64,-1.23) (14.64,-2.11) (18.46,-2.11) (18.46,2.95) (14.64,2.95) 

Index entry Sym=72000.0
  ObjType=4  Rex=0  Status=1
  ViewType=0  Color=11  ImpLayer=0
Object Sym=72000 Otp=4
  nItem=5, nText=1
  Ang=0
  Col=0 (0x0)
  LineWidth=0  DiamFlags=0
  Text=59
    (49.93,-33.34) (49.93,-34.22) (53.74,-34.22) (53.74,-29.16) 
    (49.93,-29.16) 

Index entry Sym=72000.0
  ObjType=4  Rex=0  Status=1
  ViewType=0  Color=11  ImpLayer=0
Object Sym=72000 Otp=4
  nItem=5, nText=1
  Ang=0
  Col=0 (0x0)
  LineWidth=0  DiamFlags=0
  Text=70
    (14.83,13.79) (14.83,12.92) (18.64,12.92) (18.64,17.97) 
    (14.83,17.97) 

Index entry Sym=72000.0
  ObjType=4  Rex=0  Status=1
  ViewType=0  Color=11  ImpLayer=0
Object Sym=72000 Otp=4
  nItem=5, nText=1
  Ang=0
  Col=0 (0x0)
  LineWidth=0  DiamFlags=0
  Text=71
    (32.96,15.20) (32.96,14.32) (36.78,14.32) (36.78,19.38) 
    (32.96,19.38) 

Index entry Sym=72000.0
  ObjType=4  Rex=0  Status=1
  ViewType=0  Color=11  ImpLayer=0
Object Sym=72000 Otp=4
  nItem=5, nText=1
  Ang=0
  Col=0 (0x0)
  LineWidth=0  DiamFlags=0
  Text=72
    (2.34,11.65) (2.34,10.77) (6.15,10.77) (6.15,15.83) (2.34,15.83) 

Index entry Sym=72000.0
  ObjType=4  Rex=0  Status=1
  ViewType=0  Color=11  ImpLayer=0
Object Sym=72000 Otp=4
  nItem=5, nText=1
  Ang=0
  Col=0 (0x0)
  LineWidth=0  DiamFlags=0
  Text=73
    (52.07,-19.78) (52.07,-20.66) (55.88,-20.66) (55.88,-15.60) 
    (52.07,-15.60) 

Index entry Sym=72000.0
  ObjType=4  Rex=0  Status=1
  ViewType=0  Color=11  ImpLayer=0
Object Sym=72000 Otp=4
  nItem=5, nText=1
  Ang=0
  Col=0 (0x0)
  LineWidth=0  DiamFlags=0
  Text=74
    (63.04,-24.59) (63.04,-25.47) (66.86,-25.47) (66.86,-20.41) 
    (63.04,-20.41) 

Index entry Sym=72000.0
  ObjType=4  Rex=0  Status=1
  ViewType=0  Color=11  ImpLayer=0
Object Sym=72000 Otp=4
  nItem=5, nText=1
  Ang=0
  Col=0 (0x0)
  LineWidth=0  DiamFlags=0
  Text=75
    (68.45,30.32) (68.45,29.45) (72.27,29.45) (72.27,34.51) 
    (68.45,34.51) 

Index entry Sym=72000.0
  ObjType=4  Rex=0  Status=1
  ViewType=0  Color=11  ImpLayer=0
Object Sym=72000 Otp=4
  nItem=5, nText=1
  Ang=0
  Col=0 (0x0)
  LineWidth=0  DiamFlags=0
  Text=76
    (-1.39,-4.70) (-1.39,-5.58) (2.43,-5.58) (2.43,-0.52) (-1.39,-0.52) 

Index entry Sym=72000.0
  ObjType=4  Rex=0  Status=1
  ViewType=0  Color=11  ImpLayer=0
Object Sym=72000 Otp=4
  nItem=5, nText=1
  Ang=0
  Col=0 (0x0)
  LineWidth=0  DiamFlags=0
  Text=77
    (70.43,12.89) (70.43,12.01) (74.24,12.01) (74.24,17.07) 
    (70.43,17.07) 

Index entry Sym=72000.0
  ObjType=4  Rex=0  Status=1
  ViewType=0  Color=11  ImpLayer=0
Object Sym=72000 Otp=4
  nItem=5, nText=1
  Ang=0
  Col=0 (0x0)
  LineWidth=0  DiamFlags=0
  Text=78
    (97.21,28.36) (97.21,27.48) (101.03,27.48) (101.03,32.54) 
    (97.21,32.54) 

Index entry Sym=72000.0
  ObjType=4  Rex=0  Status=1
  ViewType=0  Color=11  ImpLayer=0
Object Sym=72000 Otp=4
  nItem=5, nText=1
  Ang=0
  Col=0 (0x0)
  LineWidth=0  DiamFlags=0
  Text=79
    (112.81,9.60) (112.81,8.72) (116.63,8.72) (116.63,13.78) 
    (112.81,13.78) 

Index entry Sym=72000.0
  ObjType=4  Rex=0  Status=1
  ViewType=0  Color=11  ImpLayer=0
Object Sym=72000 Otp=4
  nItem=5, nText=1
  Ang=0
  Col=0 (0x0)
  LineWidth=0  DiamFlags=0
  Text=80
    (34.76,6.69) (34.76,5.81) (38.58,5.81) (38.58,10.87) (34.76,10.87) 

String of type 9
  ObjIndex=0
  firstField=Purple
  code=n, value=11
  code=c, value=15
  code=m, value=90
  code=y, value=0
  code=k, value=25
  code=o, value=0

String of type 9
  ObjIndex=0
  firstField=White
  code=n, value=44
  code=c, value=0
  code=m, value=0
  code=y, value=0
  code=k, value=0
  code=o, value=0

String of type 1039
  ObjIndex=0
  firstField=
  code=m, value=10000
  code=g, value=10
  code=r, value=0
  code=x, value=0
  code=y, value=0
  code=a, value=0
  code=d, value=500

String of type 1026
  ObjIndex=0
  firstField=
  code=a, value=10000
  code=r, value=1
  code=L, value=-28.95
  code=B, value=-113.38
  code=R, value=232.93
  code=T, value=86.57

String of type 1030
  ObjIndex=0
  firstField=
  code=d, value=0

String of type 8
  ObjIndex=0
  firstField=[[TESTDIR]]\controller\Marymoor.ocd
  code=r, value=1
  code=s, value=1
  code=x, value=0
  code=y, value=0
  code=a, value=0
  code=u, value=0
  code=v, value=0

